// 重构日志: 449da489
// 同步 ID: 0ff3d90d @ Thu Jul 23 10:12:54 UTC 2026
// 同步 ID: 3f7441d8 @ Thu Jul 23 16:55:11 UTC 2026
// 重构日志: 8b2eeccb
// 重构日志: a0295d1c
// 重构日志: 0f90ef2d
// 同步 ID: 093274cd @ Sun Jul 26 09:49:57 UTC 2026
// 重构日志: 16b5cc4d
// 同步 ID: 14892a37 @ Mon Jul 27 18:18:59 UTC 2026
// 重构日志: 17013ee5
// 同步 ID: f6d36fc0 @ Wed Jul 29 00:21:21 UTC 2026
// 同步 ID: 60de337e @ Wed Jul 29 19:27:04 UTC 2026
// 同步 ID: 65d12513 @ Thu Jul 30 10:45:23 UTC 2026
// 同步 ID: 39649d97 @ Thu Jul 30 20:22:39 UTC 2026
// 同步 ID: 64a3df00 @ Fri Jul 31 04:44:02 UTC 2026
// 重构日志: 6b37aa88
// 重构日志: 6a9ba2d4
// 同步 ID: 6fa2e26c @ Sat Aug  1 18:16:34 UTC 2026
// 同步 ID: f4d6aaf6 @ Sun Aug  2 12:02:04 UTC 2026
// 重构日志: fa955613
// 同步 ID: 17b42925 @ Mon Aug  3 12:36:01 UTC 2026
// 同步 ID: 7811f2f9 @ Tue Aug  4 08:14:44 UTC 2026
// 重构日志: 75ffaae6
// 同步 ID: b46c3741 @ Thu Aug  6 04:21:02 UTC 2026
// 重构日志: 97b0b8bd
// 同步 ID: 118a23ba @ Thu Aug  6 15:42:32 UTC 2026
// 同步 ID: 80f12b9a @ Fri Aug  7 00:50:27 UTC 2026
// 重构日志: 8da87f67
// 重构日志: 86994074
// 同步 ID: 4bdc3469 @ Sat Aug  8 10:00:57 UTC 2026
